D:/TouchGFX/TouchGFXProjects/HelloTouchGFX/Core/Src/main.c:876:13:SPI5_Write	1
D:/TouchGFX/TouchGFXProjects/HelloTouchGFX/Core/Src/main.c:988:6:StartDefaultTask	2
D:/TouchGFX/TouchGFXProjects/HelloTouchGFX/Core/Src/main.c:247:6:SystemClock_Config	1
D:/TouchGFX/TouchGFXProjects/HelloTouchGFX/Core/Src/main.c:154:5:main	2
D:/TouchGFX/TouchGFXProjects/HelloTouchGFX/Core/Src/main.c:720:6:IOE_Init	1
D:/TouchGFX/TouchGFXProjects/HelloTouchGFX/Core/Src/main.c:729:6:IOE_ITConfig	1
D:/TouchGFX/TouchGFXProjects/HelloTouchGFX/Core/Src/main.c:741:6:IOE_Write	1
D:/TouchGFX/TouchGFXProjects/HelloTouchGFX/Core/Src/main.c:752:9:IOE_Read	1
D:/TouchGFX/TouchGFXProjects/HelloTouchGFX/Core/Src/main.c:765:10:IOE_ReadMultiple	1
D:/TouchGFX/TouchGFXProjects/HelloTouchGFX/Core/Src/main.c:774:6:IOE_Delay	1
D:/TouchGFX/TouchGFXProjects/HelloTouchGFX/Core/Src/main.c:902:6:LCD_IO_Init	1
D:/TouchGFX/TouchGFXProjects/HelloTouchGFX/Core/Src/main.c:912:6:LCD_IO_WriteData	1
D:/TouchGFX/TouchGFXProjects/HelloTouchGFX/Core/Src/main.c:928:6:LCD_IO_WriteReg	1
D:/TouchGFX/TouchGFXProjects/HelloTouchGFX/Core/Src/main.c:947:10:LCD_IO_ReadData	1
D:/TouchGFX/TouchGFXProjects/HelloTouchGFX/Core/Src/main.c:974:6:LCD_Delay	1
D:/TouchGFX/TouchGFXProjects/HelloTouchGFX/Core/Src/main.c:1011:6:HAL_TIM_PeriodElapsedCallback	2
D:/TouchGFX/TouchGFXProjects/HelloTouchGFX/Core/Src/main.c:1029:6:Error_Handler	1
